// Jest Snapshot v1, https://goo.gl/fbAQLP

exports[`Input renders <Input /> correctly 1`] = `
<div
  className="sc-eDvSVe jOcgQw sc-hLBbgP"
>
  <p
    className="sc-bcXHqe sc-gswNZR sc-gKPRtg bZdROF gQyYxG feiruF"
  >
    label
  </p>
  <input
    className="sc-bcXHqe sc-dkrFOg sc-iBYQkv bZdROF idXDLE haJkzM"
    placeholder="placeholder"
    type="input"
  />
  <p
    className="sc-bcXHqe sc-gswNZR sc-jSUZER bZdROF gQyYxG gurojQ"
  />
</div>
`;
