// Jest Snapshot v1, https://goo.gl/fbAQLP

exports[`Button renders <Button /> correctly 1`] = `
<button
  className="sc-gswNZR juODTC sc-bcXHqe"
  onClick={[MockFunction]}
  onSubmit={[MockFunction]}
  type="submit"
>
  LOGIN
</button>
`;
