// Jest Snapshot v1, https://goo.gl/fbAQLP

exports[`Link renders <Link /> correctly 1`] = `
.c0 {
  cursor: pointer;
  -webkit-text-decoration: none;
  text-decoration: none;
  font-size: 24px;
  line-height: 27px;
  font-family: Handjet;
  color: #6C5BC3;
}

.c0:hover {
  color: #6457b8b3;
}

.c0:hover {
  color: #6C5BC3;
}

<a
  className="c0"
  href="/"
  onClick={[Function]}
  variant="size24"
>
  LOGIN
</a>
`;
